Archive member included to satisfy reference by file (symbol)

c:/ac6/systemworkbench/plugins/fr.ac6.mcu.externaltools.arm-none.win32_1.17.0.201812190825/tools/compiler/bin/../lib/gcc/arm-none-eabi/7.3.1/thumb/v7e-m/fpv5/hard\libgcc.a(_aeabi_uldivmod.o)
                              Drivers/STM32F7xx_HAL_Driver/Src/stm32f7xx_hal_rcc.o (__aeabi_uldivmod)
c:/ac6/systemworkbench/plugins/fr.ac6.mcu.externaltools.arm-none.win32_1.17.0.201812190825/tools/compiler/bin/../lib/gcc/arm-none-eabi/7.3.1/thumb/v7e-m/fpv5/hard\libgcc.a(_udivmoddi4.o)
                              c:/ac6/systemworkbench/plugins/fr.ac6.mcu.externaltools.arm-none.win32_1.17.0.201812190825/tools/compiler/bin/../lib/gcc/arm-none-eabi/7.3.1/thumb/v7e-m/fpv5/hard\libgcc.a(_aeabi_uldivmod.o) (__udivmoddi4)
c:/ac6/systemworkbench/plugins/fr.ac6.mcu.externaltools.arm-none.win32_1.17.0.201812190825/tools/compiler/bin/../lib/gcc/arm-none-eabi/7.3.1/thumb/v7e-m/fpv5/hard\libgcc.a(_dvmd_tls.o)
                              c:/ac6/systemworkbench/plugins/fr.ac6.mcu.externaltools.arm-none.win32_1.17.0.201812190825/tools/compiler/bin/../lib/gcc/arm-none-eabi/7.3.1/thumb/v7e-m/fpv5/hard\libgcc.a(_aeabi_uldivmod.o) (__aeabi_ldiv0)
c:/ac6/systemworkbench/plugins/fr.ac6.mcu.externaltools.arm-none.win32_1.17.0.201812190825/tools/compiler/bin/../lib/gcc/arm-none-eabi/7.3.1/../../../../arm-none-eabi/lib/thumb/v7e-m/fpv5/hard\libc_nano.a(lib_a-errno.o)
                              Src/syscalls.o (__errno)
c:/ac6/systemworkbench/plugins/fr.ac6.mcu.externaltools.arm-none.win32_1.17.0.201812190825/tools/compiler/bin/../lib/gcc/arm-none-eabi/7.3.1/../../../../arm-none-eabi/lib/thumb/v7e-m/fpv5/hard\libc_nano.a(lib_a-exit.o)
                              c:/ac6/systemworkbench/plugins/fr.ac6.mcu.externaltools.arm-none.win32_1.17.0.201812190825/tools/compiler/bin/../lib/gcc/arm-none-eabi/7.3.1/../../../../arm-none-eabi/lib/thumb/v7e-m/fpv5/hard/crt0.o (exit)
c:/ac6/systemworkbench/plugins/fr.ac6.mcu.externaltools.arm-none.win32_1.17.0.201812190825/tools/compiler/bin/../lib/gcc/arm-none-eabi/7.3.1/../../../../arm-none-eabi/lib/thumb/v7e-m/fpv5/hard\libc_nano.a(lib_a-impure.o)
                              c:/ac6/systemworkbench/plugins/fr.ac6.mcu.externaltools.arm-none.win32_1.17.0.201812190825/tools/compiler/bin/../lib/gcc/arm-none-eabi/7.3.1/../../../../arm-none-eabi/lib/thumb/v7e-m/fpv5/hard\libc_nano.a(lib_a-exit.o) (_global_impure_ptr)
c:/ac6/systemworkbench/plugins/fr.ac6.mcu.externaltools.arm-none.win32_1.17.0.201812190825/tools/compiler/bin/../lib/gcc/arm-none-eabi/7.3.1/../../../../arm-none-eabi/lib/thumb/v7e-m/fpv5/hard\libc_nano.a(lib_a-init.o)
                              c:/ac6/systemworkbench/plugins/fr.ac6.mcu.externaltools.arm-none.win32_1.17.0.201812190825/tools/compiler/bin/../lib/gcc/arm-none-eabi/7.3.1/../../../../arm-none-eabi/lib/thumb/v7e-m/fpv5/hard/crt0.o (__libc_init_array)
c:/ac6/systemworkbench/plugins/fr.ac6.mcu.externaltools.arm-none.win32_1.17.0.201812190825/tools/compiler/bin/../lib/gcc/arm-none-eabi/7.3.1/../../../../arm-none-eabi/lib/thumb/v7e-m/fpv5/hard\libc_nano.a(lib_a-memset.o)
                              c:/ac6/systemworkbench/plugins/fr.ac6.mcu.externaltools.arm-none.win32_1.17.0.201812190825/tools/compiler/bin/../lib/gcc/arm-none-eabi/7.3.1/../../../../arm-none-eabi/lib/thumb/v7e-m/fpv5/hard/crt0.o (memset)
c:/ac6/systemworkbench/plugins/fr.ac6.mcu.externaltools.arm-none.win32_1.17.0.201812190825/tools/compiler/bin/../lib/gcc/arm-none-eabi/7.3.1/../../../../arm-none-eabi/lib/thumb/v7e-m/fpv5/hard\libc_nano.a(lib_a-strlen.o)
                              Src/main.o (strlen)

Allocating common symbols
Common symbol       size              file

hdsi                0x1c              Src/main.o
uwTick              0x4               Drivers/STM32F7xx_HAL_Driver/Src/stm32f7xx_hal.o
pFlash              0x1c              Drivers/STM32F7xx_HAL_Driver/Src/stm32f7xx_hal_flash.o
huart1              0x80              Src/main.o
hcan1               0x28              Src/main.o

Discarded input sections

 .text          0x00000000        0x0 c:/ac6/systemworkbench/plugins/fr.ac6.mcu.externaltools.arm-none.win32_1.17.0.201812190825/tools/compiler/bin/../lib/gcc/arm-none-eabi/7.3.1/thumb/v7e-m/fpv5/hard/crti.o
 .data          0x00000000        0x0 c:/ac6/systemworkbench/plugins/fr.ac6.mcu.externaltools.arm-none.win32_1.17.0.201812190825/tools/compiler/bin/../lib/gcc/arm-none-eabi/7.3.1/thumb/v7e-m/fpv5/hard/crti.o
 .bss           0x00000000        0x0 c:/ac6/systemworkbench/plugins/fr.ac6.mcu.externaltools.arm-none.win32_1.17.0.201812190825/tools/compiler/bin/../lib/gcc/arm-none-eabi/7.3.1/thumb/v7e-m/fpv5/hard/crti.o
 .data          0x00000000        0x4 c:/ac6/systemworkbench/plugins/fr.ac6.mcu.externaltools.arm-none.win32_1.17.0.201812190825/tools/compiler/bin/../lib/gcc/arm-none-eabi/7.3.1/thumb/v7e-m/fpv5/hard/crtbegin.o
[...]
Memory Configuration

Name             Origin             Length             Attributes
RAM              0x20000000         0x00080000         xrw
FLASH            0x08000000         0x00200000         xr
*default*        0x00000000         0xffffffff

Linker script and memory map

LOAD c:/ac6/systemworkbench/plugins/fr.ac6.mcu.externaltools.arm-none.win32_1.17.0.201812190825/tools/compiler/bin/../lib/gcc/arm-none-eabi/7.3.1/thumb/v7e-m/fpv5/hard/crti.o
LOAD c:/ac6/systemworkbench/plugins/fr.ac6.mcu.externaltools.arm-none.win32_1.17.0.201812190825/tools/compiler/bin/../lib/gcc/arm-none-eabi/7.3.1/thumb/v7e-m/fpv5/hard/crtbegin.o
LOAD c:/ac6/systemworkbench/plugins/fr.ac6.mcu.externaltools.arm-none.win32_1.17.0.201812190825/tools/compiler/bin/../lib/gcc/arm-none-eabi/7.3.1/../../../../arm-none-eabi/lib/thumb/v7e-m/fpv5/hard/crt0.o
LOAD Drivers/STM32F7xx_HAL_Driver/Src/stm32f7xx_hal.o
LOAD Drivers/STM32F7xx_HAL_Driver/Src/stm32f7xx_hal_can.o
LOAD Drivers/STM32F7xx_HAL_Driver/Src/stm32f7xx_hal_cortex.o
LOAD Drivers/STM32F7xx_HAL_Driver/Src/stm32f7xx_hal_dma.o
LOAD Drivers/STM32F7xx_HAL_Driver/Src/stm32f7xx_hal_dma_ex.o
LOAD Drivers/STM32F7xx_HAL_Driver/Src/stm32f7xx_hal_dsi.o
LOAD Drivers/STM32F7xx_HAL_Driver/Src/stm32f7xx_hal_exti.o
LOAD Drivers/STM32F7xx_HAL_Driver/Src/stm32f7xx_hal_flash.o
LOAD Drivers/STM32F7xx_HAL_Driver/Src/stm32f7xx_hal_flash_ex.o
LOAD Drivers/STM32F7xx_HAL_Driver/Src/stm32f7xx_hal_gpio.o
LOAD Drivers/STM32F7xx_HAL_Driver/Src/stm32f7xx_hal_i2c.o
LOAD Drivers/STM32F7xx_HAL_Driver/Src/stm32f7xx_hal_i2c_ex.o
LOAD Drivers/STM32F7xx_HAL_Driver/Src/stm32f7xx_hal_pwr.o
LOAD Drivers/STM32F7xx_HAL_Driver/Src/stm32f7xx_hal_pwr_ex.o
LOAD Drivers/STM32F7xx_HAL_Driver/Src/stm32f7xx_hal_rcc.o
LOAD Drivers/STM32F7xx_HAL_Driver/Src/stm32f7xx_hal_rcc_ex.o
LOAD Drivers/STM32F7xx_HAL_Driver/Src/stm32f7xx_hal_tim.o
LOAD Drivers/STM32F7xx_HAL_Driver/Src/stm32f7xx_hal_tim_ex.o
LOAD Drivers/STM32F7xx_HAL_Driver/Src/stm32f7xx_hal_uart.o
LOAD Drivers/STM32F7xx_HAL_Driver/Src/stm32f7xx_hal_uart_ex.o
LOAD Src/main.o
LOAD Src/stm32f7xx_hal_msp.o
LOAD Src/stm32f7xx_it.o
LOAD Src/syscalls.o
LOAD Src/system_stm32f7xx.o
LOAD startup/startup_stm32f769xx.o
LOAD c:/ac6/systemworkbench/plugins/fr.ac6.mcu.externaltools.arm-none.win32_1.17.0.201812190825/tools/compiler/bin/../lib/gcc/arm-none-eabi/7.3.1/../../../../arm-none-eabi/lib/thumb/v7e-m/fpv5/hard\libm.a
START GROUP
LOAD c:/ac6/systemworkbench/plugins/fr.ac6.mcu.externaltools.arm-none.win32_1.17.0.201812190825/tools/compiler/bin/../lib/gcc/arm-none-eabi/7.3.1/thumb/v7e-m/fpv5/hard\libgcc.a
LOAD c:/ac6/systemworkbench/plugins/fr.ac6.mcu.externaltools.arm-none.win32_1.17.0.201812190825/tools/compiler/bin/../lib/gcc/arm-none-eabi/7.3.1/../../../../arm-none-eabi/lib/thumb/v7e-m/fpv5/hard\libc_nano.a
END GROUP
START GROUP
LOAD c:/ac6/systemworkbench/plugins/fr.ac6.mcu.externaltools.arm-none.win32_1.17.0.201812190825/tools/compiler/bin/../lib/gcc/arm-none-eabi/7.3.1/thumb/v7e-m/fpv5/hard\libgcc.a
LOAD c:/ac6/systemworkbench/plugins/fr.ac6.mcu.externaltools.arm-none.win32_1.17.0.201812190825/tools/compiler/bin/../lib/gcc/arm-none-eabi/7.3.1/../../../../arm-none-eabi/lib/thumb/v7e-m/fpv5/hard\libc_nano.a
LOAD c:/ac6/systemworkbench/plugins/fr.ac6.mcu.externaltools.arm-none.win32_1.17.0.201812190825/tools/compiler/bin/../lib/gcc/arm-none-eabi/7.3.1/../../../../arm-none-eabi/lib/thumb/v7e-m/fpv5/hard\libnosys.a
END GROUP
START GROUP
LOAD c:/ac6/systemworkbench/plugins/fr.ac6.mcu.externaltools.arm-none.win32_1.17.0.201812190825/tools/compiler/bin/../lib/gcc/arm-none-eabi/7.3.1/thumb/v7e-m/fpv5/hard\libgcc.a
LOAD c:/ac6/systemworkbench/plugins/fr.ac6.mcu.externaltools.arm-none.win32_1.17.0.201812190825/tools/compiler/bin/../lib/gcc/arm-none-eabi/7.3.1/../../../../arm-none-eabi/lib/thumb/v7e-m/fpv5/hard\libc_nano.a
LOAD c:/ac6/systemworkbench/plugins/fr.ac6.mcu.externaltools.arm-none.win32_1.17.0.201812190825/tools/compiler/bin/../lib/gcc/arm-none-eabi/7.3.1/../../../../arm-none-eabi/lib/thumb/v7e-m/fpv5/hard\libnosys.a
END GROUP
LOAD c:/ac6/systemworkbench/plugins/fr.ac6.mcu.externaltools.arm-none.win32_1.17.0.201812190825/tools/compiler/bin/../lib/gcc/arm-none-eabi/7.3.1/thumb/v7e-m/fpv5/hard/crtend.o
LOAD c:/ac6/systemworkbench/plugins/fr.ac6.mcu.externaltools.arm-none.win32_1.17.0.201812190825/tools/compiler/bin/../lib/gcc/arm-none-eabi/7.3.1/thumb/v7e-m/fpv5/hard/crtn.o
                0x20080000                _estack = 0x20080000
                0x00000200                _Min_Heap_Size = 0x200
                0x00000400                _Min_Stack_Size = 0x400

.isr_vector     0x08000000      0x1f8
                0x08000000                . = ALIGN (0x4)
 *(.isr_vector)
 .isr_vector    0x08000000      0x1f8 startup/startup_stm32f769xx.o
                0x08000000                g_pfnVectors
                0x080001f8                . = ALIGN (0x4)

.text           0x080001f8     0x2d30
                0x080001f8                . = ALIGN (0x4)
 *(.text)
 .text          0x080001f8       0x40 c:/ac6/systemworkbench/plugins/fr.ac6.mcu.externaltools.arm-none.win32_1.17.0.201812190825/tools/compiler/bin/../lib/gcc/arm-none-eabi/7.3.1/thumb/v7e-m/fpv5/hard/crtbegin.o
 .text          0x08000238       0x30 c:/ac6/systemworkbench/plugins/fr.ac6.mcu.externaltools.arm-none.win32_1.17.0.201812190825/tools/compiler/bin/../lib/gcc/arm-none-eabi/7.3.1/thumb/v7e-m/fpv5/hard\libgcc.a(_aeabi_uldivmod.o)
                0x08000238                __aeabi_uldivmod
 .text          0x08000268      0x2cc c:/ac6/systemworkbench/plugins/fr.ac6.mcu.externaltools.arm-none.win32_1.17.0.201812190825/tools/compiler/bin/../lib/gcc/arm-none-eabi/7.3.1/thumb/v7e-m/fpv5/hard\libgcc.a(_udivmoddi4.o)
                0x08000268                __udivmoddi4
 .text          0x08000534        0x4 c:/ac6/systemworkbench/plugins/fr.ac6.mcu.externaltools.arm-none.win32_1.17.0.201812190825/tools/compiler/bin/../lib/gcc/arm-none-eabi/7.3.1/thumb/v7e-m/fpv5/hard\libgcc.a(_dvmd_tls.o)
                0x08000534                __aeabi_idiv0
                0x08000534                __aeabi_ldiv0
 .text          0x08000538       0x10 c:/ac6/systemworkbench/plugins/fr.ac6.mcu.externaltools.arm-none.win32_1.17.0.201812190825/tools/compiler/bin/../lib/gcc/arm-none-eabi/7.3.1/../../../../arm-none-eabi/lib/thumb/v7e-m/fpv5/hard\libc_nano.a(lib_a-strlen.o)
                0x08000538                strlen
 *(.text*)
 .text.HAL_InitTick
                0x08000548       0x48 Drivers/STM32F7xx_HAL_Driver/Src/stm32f7xx_hal.o
                0x08000548                HAL_InitTick
 .text.HAL_Init
                0x08000590       0x16 Drivers/STM32F7xx_HAL_Driver/Src/stm32f7xx_hal.o
                0x08000590                HAL_Init
 *fill*         0x080005a6        0x2 
 .text.HAL_IncTick
                0x080005a8       0x18 Drivers/STM32F7xx_HAL_Driver/Src/stm32f7xx_hal.o
                0x080005a8                HAL_IncTick
 .text.HAL_GetTick
                0x080005c0        0xc Drivers/STM32F7xx_HAL_Driver/Src/stm32f7xx_hal.o
                0x080005c0                HAL_GetTick
 .text.HAL_CAN_Init
                0x080005cc      0x14c Drivers/STM32F7xx_HAL_Driver/Src/stm32f7xx_hal_can.o
                0x080005cc                HAL_CAN_Init
 .text.HAL_CAN_ConfigFilter
                0x08000718      0x134 Drivers/STM32F7xx_HAL_Driver/Src/stm32f7xx_hal_can.o
                0x08000718                HAL_CAN_ConfigFilter
 .text.HAL_CAN_Start
                0x0800084c       0x5c Drivers/STM32F7xx_HAL_Driver/Src/stm32f7xx_hal_can.o
                0x0800084c                HAL_CAN_Start
 .text.HAL_CAN_AddTxMessage
                0x080008a8       0xea Drivers/STM32F7xx_HAL_Driver/Src/stm32f7xx_hal_can.o
                0x080008a8                HAL_CAN_AddTxMessage
 .text.HAL_CAN_IsTxMessagePending
                0x08000992       0x24 Drivers/STM32F7xx_HAL_Driver/Src/stm32f7xx_hal_can.o
                0x08000992                HAL_CAN_IsTxMessagePending
 .text.HAL_CAN_GetRxMessage
                0x080009b6      0x134 Drivers/STM32F7xx_HAL_Driver/Src/stm32f7xx_hal_can.o
                0x080009b6                HAL_CAN_GetRxMessage
 .text.HAL_CAN_GetRxFifoFillLevel
                0x08000aea       0x26 Drivers/STM32F7xx_HAL_Driver/Src/stm32f7xx_hal_can.o
                0x08000aea                HAL_CAN_GetRxFifoFillLevel
 .text.HAL_CAN_TxMailbox0CompleteCallback
                0x08000b10        0x2 Drivers/STM32F7xx_HAL_Driver/Src/stm32f7xx_hal_can.o
                0x08000b10                HAL_CAN_TxMailbox0CompleteCallback
 .text.HAL_CAN_TxMailbox1CompleteCallback
                0x08000b12        0x2 Drivers/STM32F7xx_HAL_Driver/Src/stm32f7xx_hal_can.o
                0x08000b12                HAL_CAN_TxMailbox1CompleteCallback
 .text.HAL_CAN_TxMailbox2CompleteCallback
                0x08000b14        0x2 Drivers/STM32F7xx_HAL_Driver/Src/stm32f7xx_hal_can.o
                0x08000b14                HAL_CAN_TxMailbox2CompleteCallback
 .text.HAL_CAN_TxMailbox0AbortCallback
                0x08000b16        0x2 Drivers/STM32F7xx_HAL_Driver/Src/stm32f7xx_hal_can.o
                0x08000b16                HAL_CAN_TxMailbox0AbortCallback
 .text.HAL_CAN_TxMailbox1AbortCallback
                0x08000b18        0x2 Drivers/STM32F7xx_HAL_Driver/Src/stm32f7xx_hal_can.o
                0x08000b18                HAL_CAN_TxMailbox1AbortCallback
 .text.HAL_CAN_TxMailbox2AbortCallback
                0x08000b1a        0x2 Drivers/STM32F7xx_HAL_Driver/Src/stm32f7xx_hal_can.o
                0x08000b1a                HAL_CAN_TxMailbox2AbortCallback
 .text.HAL_CAN_RxFifo0MsgPendingCallback
                0x08000b1c        0x2 Drivers/STM32F7xx_HAL_Driver/Src/stm32f7xx_hal_can.o
                0x08000b1c                HAL_CAN_RxFifo0MsgPendingCallback
 .text.HAL_CAN_RxFifo0FullCallback
                0x08000b1e        0x2 Drivers/STM32F7xx_HAL_Driver/Src/stm32f7xx_hal_can.o
                0x08000b1e                HAL_CAN_RxFifo0FullCallback
 .text.HAL_CAN_RxFifo1MsgPendingCallback
                0x08000b20        0x2 Drivers/STM32F7xx_HAL_Driver/Src/stm32f7xx_hal_can.o
                0x08000b20                HAL_CAN_RxFifo1MsgPendingCallback
 .text.HAL_CAN_RxFifo1FullCallback
                0x08000b22        0x2 Drivers/STM32F7xx_HAL_Driver/Src/stm32f7xx_hal_can.o
                0x08000b22                HAL_CAN_RxFifo1FullCallback
 .text.HAL_CAN_SleepCallback
                0x08000b24        0x2 Drivers/STM32F7xx_HAL_Driver/Src/stm32f7xx_hal_can.o
                0x08000b24                HAL_CAN_SleepCallback
 .text.HAL_CAN_WakeUpFromRxMsgCallback
                0x08000b26        0x2 Drivers/STM32F7xx_HAL_Driver/Src/stm32f7xx_hal_can.o
                0x08000b26                HAL_CAN_WakeUpFromRxMsgCallback
 .text.HAL_CAN_ErrorCallback
                0x08000b28        0x2 Drivers/STM32F7xx_HAL_Driver/Src/stm32f7xx_hal_can.o
                0x08000b28                HAL_CAN_ErrorCallback
 .text.HAL_CAN_IRQHandler
                0x08000b2a      0x258 Drivers/STM32F7xx_HAL_Driver/Src/stm32f7xx_hal_can.o
                0x08000b2a                HAL_CAN_IRQHandler
 *fill*         0x08000d82        0x2 
 .text.HAL_NVIC_SetPriorityGrouping
                0x08000d84       0x24 Drivers/STM32F7xx_HAL_Driver/Src/stm32f7xx_hal_cortex.o
                0x08000d84                HAL_NVIC_SetPriorityGrouping
 .text.HAL_NVIC_SetPriority
                0x08000da8       0x64 Drivers/STM32F7xx_HAL_Driver/Src/stm32f7xx_hal_cortex.o
                0x08000da8                HAL_NVIC_SetPriority
 .text.HAL_NVIC_EnableIRQ
                0x08000e0c       0x1c Drivers/STM32F7xx_HAL_Driver/Src/stm32f7xx_hal_cortex.o
                0x08000e0c                HAL_NVIC_EnableIRQ
 .text.HAL_SYSTICK_Config
                0x08000e28       0x2c Drivers/STM32F7xx_HAL_Driver/Src/stm32f7xx_hal_cortex.o
                0x08000e28                HAL_SYSTICK_Config
 .text.HAL_DSI_ConfigErrorMonitor
                0x08000e54      0x1b2 Drivers/STM32F7xx_HAL_Driver/Src/stm32f7xx_hal_dsi.o
                0x08000e54                HAL_DSI_ConfigErrorMonitor
 *fill*         0x08001006        0x2 
 .text.HAL_DSI_Init
                0x08001008      0x188 Drivers/STM32F7xx_HAL_Driver/Src/stm32f7xx_hal_dsi.o
                0x08001008                HAL_DSI_Init
 .text.HAL_DSI_ConfigCommand
                0x08001190       0x74 Drivers/STM32F7xx_HAL_Driver/Src/stm32f7xx_hal_dsi.o
                0x08001190                HAL_DSI_ConfigCommand
 .text.HAL_DSI_ConfigFlowControl
                0x08001204       0x28 Drivers/STM32F7xx_HAL_Driver/Src/stm32f7xx_hal_dsi.o
                0x08001204                HAL_DSI_ConfigFlowControl
 .text.HAL_DSI_ConfigPhyTimer
                0x0800122c       0x88 Drivers/STM32F7xx_HAL_Driver/Src/stm32f7xx_hal_dsi.o
                0x0800122c                HAL_DSI_ConfigPhyTimer
 .text.HAL_DSI_ConfigHostTimeouts
                0x080012b4       0xf4 Drivers/STM32F7xx_HAL_Driver/Src/stm32f7xx_hal_dsi.o
                0x080012b4                HAL_DSI_ConfigHostTimeouts
 .text.HAL_DSI_SetLowPowerRXFilter
                0x080013a8       0x32 Drivers/STM32F7xx_HAL_Driver/Src/stm32f7xx_hal_dsi.o
                0x080013a8                HAL_DSI_SetLowPowerRXFilter
 *fill*         0x080013da        0x2 
 .text.HAL_GPIO_Init
                0x080013dc      0x1dc Drivers/STM32F7xx_HAL_Driver/Src/stm32f7xx_hal_gpio.o
                0x080013dc                HAL_GPIO_Init
 .text.HAL_PWREx_EnableOverDrive
                0x080015b8       0x7c Drivers/STM32F7xx_HAL_Driver/Src/stm32f7xx_hal_pwr_ex.o
                0x080015b8                HAL_PWREx_EnableOverDrive
 .text.HAL_RCC_OscConfig
                0x08001634      0x444 Drivers/STM32F7xx_HAL_Driver/Src/stm32f7xx_hal_rcc.o
                0x08001634                HAL_RCC_OscConfig
 .text.HAL_RCC_GetSysClockFreq
                0x08001a78       0xa8 Drivers/STM32F7xx_HAL_Driver/Src/stm32f7xx_hal_rcc.o
                0x08001a78                HAL_RCC_GetSysClockFreq
 .text.HAL_RCC_ClockConfig
                0x08001b20      0x168 Drivers/STM32F7xx_HAL_Driver/Src/stm32f7xx_hal_rcc.o
                0x08001b20                HAL_RCC_ClockConfig
 .text.HAL_RCC_GetHCLKFreq
                0x08001c88        0xc Drivers/STM32F7xx_HAL_Driver/Src/stm32f7xx_hal_rcc.o
                0x08001c88                HAL_RCC_GetHCLKFreq
 .text.HAL_RCC_GetPCLK1Freq
                0x08001c94       0x20 Drivers/STM32F7xx_HAL_Driver/Src/stm32f7xx_hal_rcc.o
                0x08001c94                HAL_RCC_GetPCLK1Freq
 .text.HAL_RCC_GetPCLK2Freq
                0x08001cb4       0x20 Drivers/STM32F7xx_HAL_Driver/Src/stm32f7xx_hal_rcc.o
                0x08001cb4                HAL_RCC_GetPCLK2Freq
 .text.HAL_RCCEx_PeriphCLKConfig
                0x08001cd4      0x604 Drivers/STM32F7xx_HAL_Driver/Src/stm32f7xx_hal_rcc_ex.o
                0x08001cd4                HAL_RCCEx_PeriphCLKConfig
 .text.UART_SetConfig
                0x080022d8      0x370 Drivers/STM32F7xx_HAL_Driver/Src/stm32f7xx_hal_uart.o
                0x080022d8                UART_SetConfig
 .text.UART_AdvFeatureConfig
                0x08002648       0xca Drivers/STM32F7xx_HAL_Driver/Src/stm32f7xx_hal_uart.o
                0x08002648                UART_AdvFeatureConfig
 .text.UART_WaitOnFlagUntilTimeout
                0x08002712       0x9c Drivers/STM32F7xx_HAL_Driver/Src/stm32f7xx_hal_uart.o
                0x08002712                UART_WaitOnFlagUntilTimeout
 .text.HAL_UART_Transmit
                0x080027ae       0xdc Drivers/STM32F7xx_HAL_Driver/Src/stm32f7xx_hal_uart.o
                0x080027ae                HAL_UART_Transmit
 .text.UART_CheckIdleState
                0x0800288a       0x6c Drivers/STM32F7xx_HAL_Driver/Src/stm32f7xx_hal_uart.o
                0x0800288a                UART_CheckIdleState
 .text.HAL_UART_Init
                0x080028f6       0x62 Drivers/STM32F7xx_HAL_Driver/Src/stm32f7xx_hal_uart.o
                0x080028f6                HAL_UART_Init
 .text.MX_GPIO_Init
                0x08002958       0x30 Src/main.o
 .text.MX_CAN1_Init
                0x08002988       0x40 Src/main.o
 .text.MX_USART1_UART_Init
                0x080029c8       0x30 Src/main.o
 .text.MX_DSIHOST_DSI_Init
                0x080029f8       0xc8 Src/main.o
 .text.CANFilterConfig
                0x08002ac0       0x2c Src/main.o
                0x08002ac0                CANFilterConfig
 .text.CAN1Tx   0x08002aec       0x50 Src/main.o
                0x08002aec                CAN1Tx
 .text.CAN1Rx   0x08002b3c       0x4c Src/main.o
                0x08002b3c                CAN1Rx
 .text.SystemClock_Config
                0x08002b88       0xac Src/main.o
                0x08002b88                SystemClock_Config
 .text.main     0x08002c34       0x48 Src/main.o
                0x08002c34                main
 .text.HAL_MspInit
                0x08002c7c       0x30 Src/stm32f7xx_hal_msp.o
                0x08002c7c                HAL_MspInit
 .text.HAL_CAN_MspInit
                0x08002cac       0xac Src/stm32f7xx_hal_msp.o
                0x08002cac                HAL_CAN_MspInit
 .text.HAL_DSI_MspInit
                0x08002d58       0x2c Src/stm32f7xx_hal_msp.o
                0x08002d58                HAL_DSI_MspInit
 .text.HAL_UART_MspInit
                0x08002d84       0x6c Src/stm32f7xx_hal_msp.o
                0x08002d84                HAL_UART_MspInit
 .text.NMI_Handler
                0x08002df0        0x2 Src/stm32f7xx_it.o
                0x08002df0                NMI_Handler
 .text.HardFault_Handler
                0x08002df2        0x2 Src/stm32f7xx_it.o
                0x08002df2                HardFault_Handler
 .text.MemManage_Handler
                0x08002df4        0x2 Src/stm32f7xx_it.o
                0x08002df4                MemManage_Handler
 .text.BusFault_Handler
                0x08002df6        0x2 Src/stm32f7xx_it.o
                0x08002df6                BusFault_Handler
 .text.UsageFault_Handler
                0x08002df8        0x2 Src/stm32f7xx_it.o
                0x08002df8                UsageFault_Handler
 .text.SVC_Handler
                0x08002dfa        0x2 Src/stm32f7xx_it.o
                0x08002dfa                SVC_Handler
 .text.DebugMon_Handler
                0x08002dfc        0x2 Src/stm32f7xx_it.o
                0x08002dfc                DebugMon_Handler
 .text.PendSV_Handler
                0x08002dfe        0x2 Src/stm32f7xx_it.o
                0x08002dfe                PendSV_Handler
 .text.SysTick_Handler
                0x08002e00        0x8 Src/stm32f7xx_it.o
                0x08002e00                SysTick_Handler
 .text.CAN1_TX_IRQHandler
                0x08002e08       0x10 Src/stm32f7xx_it.o
                0x08002e08                CAN1_TX_IRQHandler
 .text.CAN1_RX0_IRQHandler
                0x08002e18       0x10 Src/stm32f7xx_it.o
                0x08002e18                CAN1_RX0_IRQHandler
 .text.CAN1_RX1_IRQHandler
                0x08002e28       0x10 Src/stm32f7xx_it.o
                0x08002e28                CAN1_RX1_IRQHandler
 .text.CAN1_SCE_IRQHandler
                0x08002e38       0x10 Src/stm32f7xx_it.o
                0x08002e38                CAN1_SCE_IRQHandler
 .text.SystemInit
                0x08002e48       0x1c Src/system_stm32f7xx.o
                0x08002e48                SystemInit
 .text.Reset_Handler
                0x08002e64       0x50 startup/startup_stm32f769xx.o
                0x08002e64                Reset_Handler
 .text.Default_Handler
                0x08002eb4        0x2 startup/startup_stm32f769xx.o
                0x08002eb4                RTC_Alarm_IRQHandler
                0x08002eb4                EXTI2_IRQHandler
                0x08002eb4                TIM8_CC_IRQHandler
                0x08002eb4                UART8_IRQHandler
                0x08002eb4                SPI4_IRQHandler
                0x08002eb4                TIM1_CC_IRQHandler
                0x08002eb4                DMA2_Stream5_IRQHandler
                0x08002eb4                JPEG_IRQHandler
                0x08002eb4                DMA1_Stream5_IRQHandler
                0x08002eb4                CAN3_RX1_IRQHandler
                0x08002eb4                PVD_IRQHandler
                0x08002eb4                TAMP_STAMP_IRQHandler
                0x08002eb4                CAN2_RX1_IRQHandler
                0x08002eb4                EXTI3_IRQHandler
                0x08002eb4                TIM8_TRG_COM_TIM14_IRQHandler
                0x08002eb4                DFSDM1_FLT1_IRQHandler
                0x08002eb4                TIM1_UP_TIM10_IRQHandler
                0x08002eb4                TIM8_UP_TIM13_IRQHandler
                0x08002eb4                I2C3_ER_IRQHandler
                0x08002eb4                DFSDM1_FLT2_IRQHandler
                0x08002eb4                EXTI0_IRQHandler
                0x08002eb4                I2C2_EV_IRQHandler
                0x08002eb4                DMA1_Stream2_IRQHandler
                0x08002eb4                FPU_IRQHandler
                0x08002eb4                OTG_HS_WKUP_IRQHandler
                0x08002eb4                CAN3_SCE_IRQHandler
                0x08002eb4                LTDC_ER_IRQHandler
                0x08002eb4                CAN2_SCE_IRQHandler
                0x08002eb4                DMA2_Stream2_IRQHandler
                0x08002eb4                SPI1_IRQHandler
                0x08002eb4                TIM6_DAC_IRQHandler
                0x08002eb4                TIM1_BRK_TIM9_IRQHandler
                0x08002eb4                DCMI_IRQHandler
                0x08002eb4                CAN2_RX0_IRQHandler
                0x08002eb4                DMA2_Stream3_IRQHandler
                0x08002eb4                SAI2_IRQHandler
                0x08002eb4                DFSDM1_FLT3_IRQHandler
                0x08002eb4                USART6_IRQHandler
                0x08002eb4                CAN3_RX0_IRQHandler
                0x08002eb4                USART3_IRQHandler
                0x08002eb4                UART5_IRQHandler
                0x08002eb4                DMA2_Stream0_IRQHandler
                0x08002eb4                TIM4_IRQHandler
                0x08002eb4                QUADSPI_IRQHandler
                0x08002eb4                I2C1_EV_IRQHandler
                0x08002eb4                DMA1_Stream6_IRQHandler
                0x08002eb4                DMA1_Stream1_IRQHandler
                0x08002eb4                UART4_IRQHandler
                0x08002eb4                TIM3_IRQHandler
                0x08002eb4                RCC_IRQHandler
                0x08002eb4                TIM8_BRK_TIM12_IRQHandler
                0x08002eb4                Default_Handler
                0x08002eb4                CEC_IRQHandler
                0x08002eb4                EXTI15_10_IRQHandler
                0x08002eb4                ADC_IRQHandler
                0x08002eb4                DMA1_Stream7_IRQHandler
                0x08002eb4                SPI5_IRQHandler
                0x08002eb4                TIM7_IRQHandler
                0x08002eb4                SDMMC1_IRQHandler
                0x08002eb4                CAN2_TX_IRQHandler
                0x08002eb4                TIM5_IRQHandler
                0x08002eb4                DMA2_Stream7_IRQHandler
                0x08002eb4                I2C3_EV_IRQHandler
                0x08002eb4                EXTI9_5_IRQHandler
                0x08002eb4                RTC_WKUP_IRQHandler
                0x08002eb4                LTDC_IRQHandler
                0x08002eb4                ETH_WKUP_IRQHandler
                0x08002eb4                SPDIF_RX_IRQHandler
                0x08002eb4                SPI2_IRQHandler
                0x08002eb4                OTG_HS_EP1_IN_IRQHandler
                0x08002eb4                DMA1_Stream0_IRQHandler
                0x08002eb4                EXTI4_IRQHandler
                0x08002eb4                RNG_IRQHandler
                0x08002eb4                DSI_IRQHandler
                0x08002eb4                ETH_IRQHandler
                0x08002eb4                OTG_HS_EP1_OUT_IRQHandler
                0x08002eb4                WWDG_IRQHandler
                0x08002eb4                SPI6_IRQHandler
                0x08002eb4                MDIOS_IRQHandler
                0x08002eb4                I2C4_EV_IRQHandler
                0x08002eb4                CAN3_TX_IRQHandler
                0x08002eb4                TIM2_IRQHandler
                0x08002eb4                OTG_FS_WKUP_IRQHandler
                0x08002eb4                TIM1_TRG_COM_TIM11_IRQHandler
                0x08002eb4                OTG_HS_IRQHandler
                0x08002eb4                DMA2D_IRQHandler
                0x08002eb4                EXTI1_IRQHandler
                0x08002eb4                SDMMC2_IRQHandler
                0x08002eb4                UART7_IRQHandler
                0x08002eb4                USART2_IRQHandler
                0x08002eb4                DFSDM1_FLT0_IRQHandler
                0x08002eb4                I2C2_ER_IRQHandler
                0x08002eb4                DMA2_Stream1_IRQHandler
                0x08002eb4                FLASH_IRQHandler
                0x08002eb4                DMA2_Stream4_IRQHandler
                0x08002eb4                USART1_IRQHandler
                0x08002eb4                OTG_FS_IRQHandler
                0x08002eb4                SPI3_IRQHandler
                0x08002eb4                DMA1_Stream4_IRQHandler
                0x08002eb4                I2C1_ER_IRQHandler
                0x08002eb4                FMC_IRQHandler
                0x08002eb4                LPTIM1_IRQHandler
                0x08002eb4                I2C4_ER_IRQHandler
                0x08002eb4                DMA2_Stream6_IRQHandler
                0x08002eb4                SAI1_IRQHandler
                0x08002eb4                DMA1_Stream3_IRQHandler
 *fill*         0x08002eb6        0x2 
 .text.__libc_init_array
                0x08002eb8       0x48 c:/ac6/systemworkbench/plugins/fr.ac6.mcu.externaltools.arm-none.win32_1.17.0.201812190825/tools/compiler/bin/../lib/gcc/arm-none-eabi/7.3.1/../../../../arm-none-eabi/lib/thumb/v7e-m/fpv5/hard\libc_nano.a(lib_a-init.o)
                0x08002eb8                __libc_init_array
 .text.memset   0x08002f00       0x10 c:/ac6/systemworkbench/plugins/fr.ac6.mcu.externaltools.arm-none.win32_1.17.0.201812190825/tools/compiler/bin/../lib/gcc/arm-none-eabi/7.3.1/../../../../arm-none-eabi/lib/thumb/v7e-m/fpv5/hard\libc_nano.a(lib_a-memset.o)
                0x08002f00                memset
 *(.glue_7)
 .glue_7        0x08002f10        0x0 linker stubs
 *(.glue_7t)
 .glue_7t       0x08002f10        0x0 linker stubs
 *(.eh_frame)
 .eh_frame      0x08002f10        0x0 c:/ac6/systemworkbench/plugins/fr.ac6.mcu.externaltools.arm-none.win32_1.17.0.201812190825/tools/compiler/bin/../lib/gcc/arm-none-eabi/7.3.1/thumb/v7e-m/fpv5/hard/crtbegin.o
 *(.init)
 .init          0x08002f10        0x4 c:/ac6/systemworkbench/plugins/fr.ac6.mcu.externaltools.arm-none.win32_1.17.0.201812190825/tools/compiler/bin/../lib/gcc/arm-none-eabi/7.3.1/thumb/v7e-m/fpv5/hard/crti.o
                0x08002f10                _init
 .init          0x08002f14        0x8 c:/ac6/systemworkbench/plugins/fr.ac6.mcu.externaltools.arm-none.win32_1.17.0.201812190825/tools/compiler/bin/../lib/gcc/arm-none-eabi/7.3.1/thumb/v7e-m/fpv5/hard/crtn.o
 *(.fini)
 .fini          0x08002f1c        0x4 c:/ac6/systemworkbench/plugins/fr.ac6.mcu.externaltools.arm-none.win32_1.17.0.201812190825/tools/compiler/bin/../lib/gcc/arm-none-eabi/7.3.1/thumb/v7e-m/fpv5/hard/crti.o
                0x08002f1c                _fini
 .fini          0x08002f20        0x8 c:/ac6/systemworkbench/plugins/fr.ac6.mcu.externaltools.arm-none.win32_1.17.0.201812190825/tools/compiler/bin/../lib/gcc/arm-none-eabi/7.3.1/thumb/v7e-m/fpv5/hard/crtn.o
                0x08002f28                . = ALIGN (0x4)
                0x08002f28                _etext = .

.vfp11_veneer   0x08002f28        0x0
 .vfp11_veneer  0x08002f28        0x0 linker stubs

.v4_bx          0x08002f28        0x0
 .v4_bx         0x08002f28        0x0 linker stubs

.iplt           0x08002f28        0x0
 .iplt          0x08002f28        0x0 c:/ac6/systemworkbench/plugins/fr.ac6.mcu.externaltools.arm-none.win32_1.17.0.201812190825/tools/compiler/bin/../lib/gcc/arm-none-eabi/7.3.1/thumb/v7e-m/fpv5/hard/crtbegin.o

.rodata         0x08002f28       0x70
                0x08002f28                . = ALIGN (0x4)
 *(.rodata)
 .rodata        0x08002f28       0x18 Src/system_stm32f7xx.o
                0x08002f28                AHBPrescTable
                0x08002f38                APBPrescTable
 *(.rodata*)
 .rodata.str1.4
                0x08002f40       0x58 Src/main.o
                0x08002f98                . = ALIGN (0x4)

.ARM.extab
 *(.ARM.extab* .gnu.linkonce.armextab.*)

.ARM            0x08002f98        0x8
                0x08002f98                __exidx_start = .
 *(.ARM.exidx*)
 .ARM.exidx     0x08002f98        0x8 c:/ac6/systemworkbench/plugins/fr.ac6.mcu.externaltools.arm-none.win32_1.17.0.201812190825/tools/compiler/bin/../lib/gcc/arm-none-eabi/7.3.1/thumb/v7e-m/fpv5/hard\libgcc.a(_udivmoddi4.o)
                0x08002fa0                __exidx_end = .

.rel.dyn        0x08002fa0        0x0
 .rel.iplt      0x08002fa0        0x0 c:/ac6/systemworkbench/plugins/fr.ac6.mcu.externaltools.arm-none.win32_1.17.0.201812190825/tools/compiler/bin/../lib/gcc/arm-none-eabi/7.3.1/thumb/v7e-m/fpv5/hard/crtbegin.o

.preinit_array  0x08002fa0        0x0
                0x08002fa0                PROVIDE (__preinit_array_start = .)
 *(.preinit_array*)
                0x08002fa0                PROVIDE (__preinit_array_end = .)

.init_array     0x08002fa0        0x4
                0x08002fa0                PROVIDE (__init_array_start = .)
 *(SORT_BY_NAME(.init_array.*))
 *(.init_array*)
 .init_array    0x08002fa0        0x4 c:/ac6/systemworkbench/plugins/fr.ac6.mcu.externaltools.arm-none.win32_1.17.0.201812190825/tools/compiler/bin/../lib/gcc/arm-none-eabi/7.3.1/thumb/v7e-m/fpv5/hard/crtbegin.o
                0x08002fa4                PROVIDE (__init_array_end = .)

.fini_array     0x08002fa4        0x4
                [!provide]                PROVIDE (__fini_array_start = .)
 *(SORT_BY_NAME(.fini_array.*))
 *(.fini_array*)
 .fini_array    0x08002fa4        0x4 c:/ac6/systemworkbench/plugins/fr.ac6.mcu.externaltools.arm-none.win32_1.17.0.201812190825/tools/compiler/bin/../lib/gcc/arm-none-eabi/7.3.1/thumb/v7e-m/fpv5/hard/crtbegin.o
                [!provide]                PROVIDE (__fini_array_end = .)
                0x08002fa8                _sidata = LOADADDR (.data)

.data           0x20000000        0xc load address 0x08002fa8
                0x20000000                . = ALIGN (0x4)
                0x20000000                _sdata = .
 *(.data)
 .data          0x20000000        0x8 Drivers/STM32F7xx_HAL_Driver/Src/stm32f7xx_hal.o
                0x20000000                uwTickFreq
                0x20000004                uwTickPrio
 .data          0x20000008        0x4 Src/system_stm32f7xx.o
                0x20000008                SystemCoreClock
 *(.data*)
                0x2000000c                . = ALIGN (0x4)
                0x2000000c                _edata = .

.igot.plt       0x2000000c        0x0 load address 0x08002fb4
 .igot.plt      0x2000000c        0x0 c:/ac6/systemworkbench/plugins/fr.ac6.mcu.externaltools.arm-none.win32_1.17.0.201812190825/tools/compiler/bin/../lib/gcc/arm-none-eabi/7.3.1/thumb/v7e-m/fpv5/hard/crtbegin.o
                0x2000000c                . = ALIGN (0x4)

.bss            0x2000000c       0xe4 load address 0x08002fb4
                0x2000000c                _sbss = .
                0x2000000c                __bss_start__ = _sbss
 *(.bss)
 .bss           0x2000000c       0x1c c:/ac6/systemworkbench/plugins/fr.ac6.mcu.externaltools.arm-none.win32_1.17.0.201812190825/tools/compiler/bin/../lib/gcc/arm-none-eabi/7.3.1/thumb/v7e-m/fpv5/hard/crtbegin.o
 *(.bss*)
 *(COMMON)
 COMMON         0x20000028        0x4 Drivers/STM32F7xx_HAL_Driver/Src/stm32f7xx_hal.o
                0x20000028                uwTick
 COMMON         0x2000002c       0xc4 Src/main.o
                0x2000002c                hdsi
                0x20000048                huart1
                0x200000c8                hcan1
                0x200000f0                . = ALIGN (0x4)
                0x200000f0                _ebss = .
                0x200000f0                __bss_end__ = _ebss

._user_heap_stack
                0x200000f0      0x600 load address 0x08002fb4
                0x200000f0                . = ALIGN (0x8)
                0x200000f0                PROVIDE (end = .)
                [!provide]                PROVIDE (_end = .)
                0x200002f0                . = (. + _Min_Heap_Size)
 *fill*         0x200000f0      0x200 
                0x200006f0                . = (. + _Min_Stack_Size)
 *fill*         0x200002f0      0x400 
                0x200006f0                . = ALIGN (0x8)

/DISCARD/
 libc.a(*)
 libm.a(*)
 libgcc.a(*)

.ARM.attributes
                0x00000000       0x2e
 *(.ARM.attributes)
 .ARM.attributes
                0x00000000       0x20 c:/ac6/systemworkbench/plugins/fr.ac6.mcu.externaltools.arm-none.win32_1.17.0.201812190825/tools/compiler/bin/../lib/gcc/arm-none-eabi/7.3.1/thumb/v7e-m/fpv5/hard/crti.o
 .ARM.attributes
                0x00000020       0x32 c:/ac6/systemworkbench/plugins/fr.ac6.mcu.externaltools.arm-none.win32_1.17.0.201812190825/tools/compiler/bin/../lib/gcc/arm-none-eabi/7.3.1/thumb/v7e-m/fpv5/hard/crtbegin.o
 .ARM.attributes
                0x00000052       0x37 Drivers/STM32F7xx_HAL_Driver/Src/stm32f7xx_hal.o
 .ARM.attributes
                0x00000089       0x37 Drivers/STM32F7xx_HAL_Driver/Src/stm32f7xx_hal_can.o
 .ARM.attributes
                0x000000c0       0x37 Drivers/STM32F7xx_HAL_Driver/Src/stm32f7xx_hal_cortex.o
 .ARM.attributes
                0x000000f7       0x37 Drivers/STM32F7xx_HAL_Driver/Src/stm32f7xx_hal_dsi.o
 .ARM.attributes
                0x0000012e       0x37 Drivers/STM32F7xx_HAL_Driver/Src/stm32f7xx_hal_gpio.o
 .ARM.attributes
                0x00000165       0x37 Drivers/STM32F7xx_HAL_Driver/Src/stm32f7xx_hal_pwr_ex.o
 .ARM.attributes
                0x0000019c       0x37 Drivers/STM32F7xx_HAL_Driver/Src/stm32f7xx_hal_rcc.o
 .ARM.attributes
                0x000001d3       0x37 Drivers/STM32F7xx_HAL_Driver/Src/stm32f7xx_hal_rcc_ex.o
 .ARM.attributes
                0x0000020a       0x37 Drivers/STM32F7xx_HAL_Driver/Src/stm32f7xx_hal_uart.o
 .ARM.attributes
                0x00000241       0x37 Src/main.o
 .ARM.attributes
                0x00000278       0x37 Src/stm32f7xx_hal_msp.o
 .ARM.attributes
                0x000002af       0x37 Src/stm32f7xx_it.o
 .ARM.attributes
                0x000002e6       0x37 Src/system_stm32f7xx.o
 .ARM.attributes
                0x0000031d       0x21 startup/startup_stm32f769xx.o
 .ARM.attributes
                0x0000033e       0x20 c:/ac6/systemworkbench/plugins/fr.ac6.mcu.externaltools.arm-none.win32_1.17.0.201812190825/tools/compiler/bin/../lib/gcc/arm-none-eabi/7.3.1/thumb/v7e-m/fpv5/hard\libgcc.a(_aeabi_uldivmod.o)
 .ARM.attributes
                0x0000035e       0x32 c:/ac6/systemworkbench/plugins/fr.ac6.mcu.externaltools.arm-none.win32_1.17.0.201812190825/tools/compiler/bin/../lib/gcc/arm-none-eabi/7.3.1/thumb/v7e-m/fpv5/hard\libgcc.a(_udivmoddi4.o)
 .ARM.attributes
                0x00000390       0x20 c:/ac6/systemworkbench/plugins/fr.ac6.mcu.externaltools.arm-none.win32_1.17.0.201812190825/tools/compiler/bin/../lib/gcc/arm-none-eabi/7.3.1/thumb/v7e-m/fpv5/hard\libgcc.a(_dvmd_tls.o)
 .ARM.attributes
                0x000003b0       0x32 c:/ac6/systemworkbench/plugins/fr.ac6.mcu.externaltools.arm-none.win32_1.17.0.201812190825/tools/compiler/bin/../lib/gcc/arm-none-eabi/7.3.1/../../../../arm-none-eabi/lib/thumb/v7e-m/fpv5/hard\libc_nano.a(lib_a-init.o)
 .ARM.attributes
                0x000003e2       0x32 c:/ac6/systemworkbench/plugins/fr.ac6.mcu.externaltools.arm-none.win32_1.17.0.201812190825/tools/compiler/bin/../lib/gcc/arm-none-eabi/7.3.1/../../../../arm-none-eabi/lib/thumb/v7e-m/fpv5/hard\libc_nano.a(lib_a-memset.o)
 .ARM.attributes
                0x00000414       0x19 c:/ac6/systemworkbench/plugins/fr.ac6.mcu.externaltools.arm-none.win32_1.17.0.201812190825/tools/compiler/bin/../lib/gcc/arm-none-eabi/7.3.1/../../../../arm-none-eabi/lib/thumb/v7e-m/fpv5/hard\libc_nano.a(lib_a-strlen.o)
 .ARM.attributes
                0x0000042d       0x20 c:/ac6/systemworkbench/plugins/fr.ac6.mcu.externaltools.arm-none.win32_1.17.0.201812190825/tools/compiler/bin/../lib/gcc/arm-none-eabi/7.3.1/thumb/v7e-m/fpv5/hard/crtn.o
OUTPUT(CAN_LoopBack_M7.elf elf32-littlearm)

.debug_info     0x00000000     0xdc0b
 .debug_info    0x00000000      0xaf8 Drivers/STM32F7xx_HAL_Driver/Src/stm32f7xx_hal.o
 .debug_info    0x00000af8     0x1143 Drivers/STM32F7xx_HAL_Driver/Src/stm32f7xx_hal_can.o
 .debug_info    0x00001c3b     0x11f6 Drivers/STM32F7xx_HAL_Driver/Src/stm32f7xx_hal_cortex.o
 .debug_info    0x00002e31     0x1cbc Drivers/STM32F7xx_HAL_Driver/Src/stm32f7xx_hal_dsi.o
 .debug_info    0x00004aed      0x7f6 Drivers/STM32F7xx_HAL_Driver/Src/stm32f7xx_hal_gpio.o
 .debug_info    0x000052e3      0xa48 Drivers/STM32F7xx_HAL_Driver/Src/stm32f7xx_hal_pwr_ex.o
 .debug_info    0x00005d2b      0xb9e Drivers/STM32F7xx_HAL_Driver/Src/stm32f7xx_hal_rcc.o
 .debug_info    0x000068c9      0x8c9 Drivers/STM32F7xx_HAL_Driver/Src/stm32f7xx_hal_rcc_ex.o
 .debug_info    0x00007192     0x1ccc Drivers/STM32F7xx_HAL_Driver/Src/stm32f7xx_hal_uart.o
 .debug_info    0x00008e5e     0x2748 Src/main.o
 .debug_info    0x0000b5a6     0x18a4 Src/stm32f7xx_hal_msp.o
 .debug_info    0x0000ce4a      0x65d Src/stm32f7xx_it.o
 .debug_info    0x0000d4a7      0x742 Src/system_stm32f7xx.o
 .debug_info    0x0000dbe9       0x22 startup/startup_stm32f769xx.o

.debug_abbrev   0x00000000     0x1c57
 .debug_abbrev  0x00000000      0x1ed Drivers/STM32F7xx_HAL_Driver/Src/stm32f7xx_hal.o
 .debug_abbrev  0x000001ed      0x261 Drivers/STM32F7xx_HAL_Driver/Src/stm32f7xx_hal_can.o
 .debug_abbrev  0x0000044e      0x328 Drivers/STM32F7xx_HAL_Driver/Src/stm32f7xx_hal_cortex.o
 .debug_abbrev  0x00000776      0x254 Drivers/STM32F7xx_HAL_Driver/Src/stm32f7xx_hal_dsi.o
 .debug_abbrev  0x000009ca      0x1e7 Drivers/STM32F7xx_HAL_Driver/Src/stm32f7xx_hal_gpio.o
 .debug_abbrev  0x00000bb1      0x1c0 Drivers/STM32F7xx_HAL_Driver/Src/stm32f7xx_hal_pwr_ex.o
 .debug_abbrev  0x00000d71      0x296 Drivers/STM32F7xx_HAL_Driver/Src/stm32f7xx_hal_rcc.o
 .debug_abbrev  0x00001007      0x1de Drivers/STM32F7xx_HAL_Driver/Src/stm32f7xx_hal_rcc_ex.o
 .debug_abbrev  0x000011e5      0x24d Drivers/STM32F7xx_HAL_Driver/Src/stm32f7xx_hal_uart.o
 .debug_abbrev  0x00001432      0x323 Src/main.o
 .debug_abbrev  0x00001755      0x20e Src/stm32f7xx_hal_msp.o
 .debug_abbrev  0x00001963      0x19b Src/stm32f7xx_it.o
 .debug_abbrev  0x00001afe      0x147 Src/system_stm32f7xx.o
 .debug_abbrev  0x00001c45       0x12 startup/startup_stm32f769xx.o

.debug_loc      0x00000000     0x5a64
 .debug_loc     0x00000000      0x11b Drivers/STM32F7xx_HAL_Driver/Src/stm32f7xx_hal.o
 .debug_loc     0x0000011b      0xc5a Drivers/STM32F7xx_HAL_Driver/Src/stm32f7xx_hal_can.o
 .debug_loc     0x00000d75      0x5c0 Drivers/STM32F7xx_HAL_Driver/Src/stm32f7xx_hal_cortex.o
 .debug_loc     0x00001335     0x1b5a Drivers/STM32F7xx_HAL_Driver/Src/stm32f7xx_hal_dsi.o
 .debug_loc     0x00002e8f      0x481 Drivers/STM32F7xx_HAL_Driver/Src/stm32f7xx_hal_gpio.o
 .debug_loc     0x00003310      0x198 Drivers/STM32F7xx_HAL_Driver/Src/stm32f7xx_hal_pwr_ex.o
 .debug_loc     0x000034a8      0x4f8 Drivers/STM32F7xx_HAL_Driver/Src/stm32f7xx_hal_rcc.o
 .debug_loc     0x000039a0      0x5fc Drivers/STM32F7xx_HAL_Driver/Src/stm32f7xx_hal_rcc_ex.o
 .debug_loc     0x00003f9c     0x18a2 Drivers/STM32F7xx_HAL_Driver/Src/stm32f7xx_hal_uart.o
 .debug_loc     0x0000583e       0xe8 Src/stm32f7xx_hal_msp.o
 .debug_loc     0x00005926      0x13e Src/system_stm32f7xx.o

.debug_aranges  0x00000000      0x9b8
 .debug_aranges
                0x00000000      0x110 Drivers/STM32F7xx_HAL_Driver/Src/stm32f7xx_hal.o
 .debug_aranges
                0x00000110      0x138 Drivers/STM32F7xx_HAL_Driver/Src/stm32f7xx_hal_can.o
 .debug_aranges
                0x00000248       0xa8 Drivers/STM32F7xx_HAL_Driver/Src/stm32f7xx_hal_cortex.o
 .debug_aranges
                0x000002f0      0x178 Drivers/STM32F7xx_HAL_Driver/Src/stm32f7xx_hal_dsi.o
 .debug_aranges
                0x00000468       0x58 Drivers/STM32F7xx_HAL_Driver/Src/stm32f7xx_hal_gpio.o
 .debug_aranges
                0x000004c0       0x80 Drivers/STM32F7xx_HAL_Driver/Src/stm32f7xx_hal_pwr_ex.o
 .debug_aranges
                0x00000540       0x88 Drivers/STM32F7xx_HAL_Driver/Src/stm32f7xx_hal_rcc.o
 .debug_aranges
                0x000005c8       0x50 Drivers/STM32F7xx_HAL_Driver/Src/stm32f7xx_hal_rcc_ex.o
 .debug_aranges
                0x00000618      0x218 Drivers/STM32F7xx_HAL_Driver/Src/stm32f7xx_hal_uart.o
 .debug_aranges
                0x00000830       0x68 Src/main.o
 .debug_aranges
                0x00000898       0x50 Src/stm32f7xx_hal_msp.o
 .debug_aranges
                0x000008e8       0x80 Src/stm32f7xx_it.o
 .debug_aranges
                0x00000968       0x28 Src/system_stm32f7xx.o
 .debug_aranges
                0x00000990       0x28 startup/startup_stm32f769xx.o

.debug_ranges   0x00000000      0x940
 .debug_ranges  0x00000000      0x100 Drivers/STM32F7xx_HAL_Driver/Src/stm32f7xx_hal.o
 .debug_ranges  0x00000100      0x128 Drivers/STM32F7xx_HAL_Driver/Src/stm32f7xx_hal_can.o
 .debug_ranges  0x00000228       0xf8 Drivers/STM32F7xx_HAL_Driver/Src/stm32f7xx_hal_cortex.o
 .debug_ranges  0x00000320      0x168 Drivers/STM32F7xx_HAL_Driver/Src/stm32f7xx_hal_dsi.o
 .debug_ranges  0x00000488       0x48 Drivers/STM32F7xx_HAL_Driver/Src/stm32f7xx_hal_gpio.o
 .debug_ranges  0x000004d0       0x70 Drivers/STM32F7xx_HAL_Driver/Src/stm32f7xx_hal_pwr_ex.o
 .debug_ranges  0x00000540       0x78 Drivers/STM32F7xx_HAL_Driver/Src/stm32f7xx_hal_rcc.o
 .debug_ranges  0x000005b8       0x40 Drivers/STM32F7xx_HAL_Driver/Src/stm32f7xx_hal_rcc_ex.o
 .debug_ranges  0x000005f8      0x208 Drivers/STM32F7xx_HAL_Driver/Src/stm32f7xx_hal_uart.o
 .debug_ranges  0x00000800       0x58 Src/main.o
 .debug_ranges  0x00000858       0x40 Src/stm32f7xx_hal_msp.o
 .debug_ranges  0x00000898       0x70 Src/stm32f7xx_it.o
 .debug_ranges  0x00000908       0x18 Src/system_stm32f7xx.o
 .debug_ranges  0x00000920       0x20 startup/startup_stm32f769xx.o

.debug_macro    0x00000000    0x2cdaf
 .debug_macro   0x00000000      0x207 Drivers/STM32F7xx_HAL_Driver/Src/stm32f7xx_hal.o
 .debug_macro   0x00000207      0xa60 Drivers/STM32F7xx_HAL_Driver/Src/stm32f7xx_hal.o
 .debug_macro   0x00000c67      0x18f Drivers/STM32F7xx_HAL_Driver/Src/stm32f7xx_hal.o
 .debug_macro   0x00000df6       0x2e Drivers/STM32F7xx_HAL_Driver/Src/stm32f7xx_hal.o
 .debug_macro   0x00000e24       0x3b Drivers/STM32F7xx_HAL_Driver/Src/stm32f7xx_hal.o
 .debug_macro   0x00000e5f       0x22 Drivers/STM32F7xx_HAL_Driver/Src/stm32f7xx_hal.o
 .debug_macro   0x00000e81       0x8e Drivers/STM32F7xx_HAL_Driver/Src/stm32f7xx_hal.o
 .debug_macro   0x00000f0f       0x51 Drivers/STM32F7xx_HAL_Driver/Src/stm32f7xx_hal.o
 .debug_macro   0x00000f60       0xef Drivers/STM32F7xx_HAL_Driver/Src/stm32f7xx_hal.o
 .debug_macro   0x0000104f       0x6a Drivers/STM32F7xx_HAL_Driver/Src/stm32f7xx_hal.o
 .debug_macro   0x000010b9      0x1df Drivers/STM32F7xx_HAL_Driver/Src/stm32f7xx_hal.o
 .debug_macro   0x00001298       0x1c Drivers/STM32F7xx_HAL_Driver/Src/stm32f7xx_hal.o
 .debug_macro   0x000012b4       0x22 Drivers/STM32F7xx_HAL_Driver/Src/stm32f7xx_hal.o
 .debug_macro   0x000012d6       0xdf Drivers/STM32F7xx_HAL_Driver/Src/stm32f7xx_hal.o
 .debug_macro   0x000013b5     0x12cd Drivers/STM32F7xx_HAL_Driver/Src/stm32f7xx_hal.o
 .debug_macro   0x00002682      0x11f Drivers/STM32F7xx_HAL_Driver/Src/stm32f7xx_hal.o
 .debug_macro   0x000027a1       0x19 Drivers/STM32F7xx_HAL_Driver/Src/stm32f7xx_hal.o
 .debug_macro   0x000027ba    0x20462 Drivers/STM32F7xx_HAL_Driver/Src/stm32f7xx_hal.o
 .debug_macro   0x00022c1c       0x43 Drivers/STM32F7xx_HAL_Driver/Src/stm32f7xx_hal.o
 .debug_macro   0x00022c5f     0x36b4 Drivers/STM32F7xx_HAL_Driver/Src/stm32f7xx_hal.o
 .debug_macro   0x00026313      0x174 Drivers/STM32F7xx_HAL_Driver/Src/stm32f7xx_hal.o
 .debug_macro   0x00026487       0x61 Drivers/STM32F7xx_HAL_Driver/Src/stm32f7xx_hal.o
 .debug_macro   0x000264e8     0x1b3f Drivers/STM32F7xx_HAL_Driver/Src/stm32f7xx_hal.o
 .debug_macro   0x00028027      0x6c4 Drivers/STM32F7xx_HAL_Driver/Src/stm32f7xx_hal.o
 .debug_macro   0x000286eb      0x18b Drivers/STM32F7xx_HAL_Driver/Src/stm32f7xx_hal.o
 .debug_macro   0x00028876      0x117 Drivers/STM32F7xx_HAL_Driver/Src/stm32f7xx_hal.o
 .debug_macro   0x0002898d      0x276 Drivers/STM32F7xx_HAL_Driver/Src/stm32f7xx_hal.o
 .debug_macro   0x00028c03       0x27 Drivers/STM32F7xx_HAL_Driver/Src/stm32f7xx_hal.o
 .debug_macro   0x00028c2a      0x24f Drivers/STM32F7xx_HAL_Driver/Src/stm32f7xx_hal.o
 .debug_macro   0x00028e79       0x71 Drivers/STM32F7xx_HAL_Driver/Src/stm32f7xx_hal.o
 .debug_macro   0x00028eea       0x58 Drivers/STM32F7xx_HAL_Driver/Src/stm32f7xx_hal.o
 .debug_macro   0x00028f42      0x236 Drivers/STM32F7xx_HAL_Driver/Src/stm32f7xx_hal.o
 .debug_macro   0x00029178      0x40f Drivers/STM32F7xx_HAL_Driver/Src/stm32f7xx_hal.o
 .debug_macro   0x00029587      0x14f Drivers/STM32F7xx_HAL_Driver/Src/stm32f7xx_hal.o
 .debug_macro   0x000296d6      0x3dc Drivers/STM32F7xx_HAL_Driver/Src/stm32f7xx_hal.o
 .debug_macro   0x00029ab2       0x12 Drivers/STM32F7xx_HAL_Driver/Src/stm32f7xx_hal.o
 .debug_macro   0x00029ac4      0x22c Drivers/STM32F7xx_HAL_Driver/Src/stm32f7xx_hal.o
 .debug_macro   0x00029cf0       0x61 Drivers/STM32F7xx_HAL_Driver/Src/stm32f7xx_hal.o
 .debug_macro   0x00029d51       0xa5 Drivers/STM32F7xx_HAL_Driver/Src/stm32f7xx_hal.o
 .debug_macro   0x00029df6      0x12f Drivers/STM32F7xx_HAL_Driver/Src/stm32f7xx_hal.o
 .debug_macro   0x00029f25      0x108 Drivers/STM32F7xx_HAL_Driver/Src/stm32f7xx_hal.o
 .debug_macro   0x0002a02d       0x35 Drivers/STM32F7xx_HAL_Driver/Src/stm32f7xx_hal.o
 .debug_macro   0x0002a062      0x589 Drivers/STM32F7xx_HAL_Driver/Src/stm32f7xx_hal.o
 .debug_macro   0x0002a5eb       0x44 Drivers/STM32F7xx_HAL_Driver/Src/stm32f7xx_hal.o
 .debug_macro   0x0002a62f      0x6fc Drivers/STM32F7xx_HAL_Driver/Src/stm32f7xx_hal.o
 .debug_macro   0x0002ad2b      0x15c Drivers/STM32F7xx_HAL_Driver/Src/stm32f7xx_hal.o
 .debug_macro   0x0002ae87      0x1eb Drivers/STM32F7xx_HAL_Driver/Src/stm32f7xx_hal_can.o
 .debug_macro   0x0002b072      0x1e3 Drivers/STM32F7xx_HAL_Driver/Src/stm32f7xx_hal_cortex.o
 .debug_macro   0x0002b255      0x231 Drivers/STM32F7xx_HAL_Driver/Src/stm32f7xx_hal_dsi.o
 .debug_macro   0x0002b486      0x219 Drivers/STM32F7xx_HAL_Driver/Src/stm32f7xx_hal_gpio.o
 .debug_macro   0x0002b69f      0x1fb Drivers/STM32F7xx_HAL_Driver/Src/stm32f7xx_hal_pwr_ex.o
 .debug_macro   0x0002b89a      0x207 Drivers/STM32F7xx_HAL_Driver/Src/stm32f7xx_hal_rcc.o
 .debug_macro   0x0002baa1      0x1e3 Drivers/STM32F7xx_HAL_Driver/Src/stm32f7xx_hal_rcc_ex.o
 .debug_macro   0x0002bc84      0x200 Drivers/STM32F7xx_HAL_Driver/Src/stm32f7xx_hal_uart.o
 .debug_macro   0x0002be84      0x2a9 Src/main.o
 .debug_macro   0x0002c12d       0x5e Src/main.o
 .debug_macro   0x0002c18b       0x17 Src/main.o
 .debug_macro   0x0002c1a2       0x35 Src/main.o
 .debug_macro   0x0002c1d7       0x34 Src/main.o
 .debug_macro   0x0002c20b       0x58 Src/main.o
 .debug_macro   0x0002c263       0x1f Src/main.o
 .debug_macro   0x0002c282       0x43 Src/main.o
 .debug_macro   0x0002c2c5       0x20 Src/main.o
 .debug_macro   0x0002c2e5      0x18e Src/main.o
 .debug_macro   0x0002c473      0x32a Src/main.o
 .debug_macro   0x0002c79d       0x10 Src/main.o
 .debug_macro   0x0002c7ad       0x35 Src/main.o
 .debug_macro   0x0002c7e2      0x1ed Src/stm32f7xx_hal_msp.o
 .debug_macro   0x0002c9cf      0x1f7 Src/stm32f7xx_it.o
 .debug_macro   0x0002cbc6      0x1e9 Src/system_stm32f7xx.o

.debug_line     0x00000000     0x8b3a
 .debug_line    0x00000000      0x994 Drivers/STM32F7xx_HAL_Driver/Src/stm32f7xx_hal.o
 .debug_line    0x00000994      0xc42 Drivers/STM32F7xx_HAL_Driver/Src/stm32f7xx_hal_can.o
 .debug_line    0x000015d6      0x99f Drivers/STM32F7xx_HAL_Driver/Src/stm32f7xx_hal_cortex.o
 .debug_line    0x00001f75     0x123f Drivers/STM32F7xx_HAL_Driver/Src/stm32f7xx_hal_dsi.o
 .debug_line    0x000031b4      0x8dd Drivers/STM32F7xx_HAL_Driver/Src/stm32f7xx_hal_gpio.o
 .debug_line    0x00003a91      0x887 Drivers/STM32F7xx_HAL_Driver/Src/stm32f7xx_hal_pwr_ex.o
 .debug_line    0x00004318      0xa43 Drivers/STM32F7xx_HAL_Driver/Src/stm32f7xx_hal_rcc.o
 .debug_line    0x00004d5b      0x98e Drivers/STM32F7xx_HAL_Driver/Src/stm32f7xx_hal_rcc_ex.o
 .debug_line    0x000056e9     0x1351 Drivers/STM32F7xx_HAL_Driver/Src/stm32f7xx_hal_uart.o
 .debug_line    0x00006a3a      0x905 Src/main.o
 .debug_line    0x0000733f      0x7f2 Src/stm32f7xx_hal_msp.o
 .debug_line    0x00007b31      0x822 Src/stm32f7xx_it.o
 .debug_line    0x00008353      0x769 Src/system_stm32f7xx.o
 .debug_line    0x00008abc       0x7e startup/startup_stm32f769xx.o

.debug_str      0x00000000   0x1124d8
 .debug_str     0x00000000   0x10c370 Drivers/STM32F7xx_HAL_Driver/Src/stm32f7xx_hal.o
                             0x10cb34 (size before relaxing)
 .debug_str     0x0010c370      0x7bd Drivers/STM32F7xx_HAL_Driver/Src/stm32f7xx_hal_can.o
                             0x10c77a (size before relaxing)
 .debug_str     0x0010cb2d      0x467 Drivers/STM32F7xx_HAL_Driver/Src/stm32f7xx_hal_cortex.o
                             0x10cb5b (size before relaxing)
 .debug_str     0x0010cf94      0xf3d Drivers/STM32F7xx_HAL_Driver/Src/stm32f7xx_hal_dsi.o
                             0x10d04f (size before relaxing)
 .debug_str     0x0010ded1      0x2c3 Drivers/STM32F7xx_HAL_Driver/Src/stm32f7xx_hal_gpio.o
                             0x10c333 (size before relaxing)
 .debug_str     0x0010e194      0x1e7 Drivers/STM32F7xx_HAL_Driver/Src/stm32f7xx_hal_pwr_ex.o
                             0x10c3e3 (size before relaxing)
 .debug_str     0x0010e37b      0x3a7 Drivers/STM32F7xx_HAL_Driver/Src/stm32f7xx_hal_rcc.o
                             0x10c4b8 (size before relaxing)
 .debug_str     0x0010e722      0x3c1 Drivers/STM32F7xx_HAL_Driver/Src/stm32f7xx_hal_rcc_ex.o
                             0x10c452 (size before relaxing)
 .debug_str     0x0010eae3      0xc0a Drivers/STM32F7xx_HAL_Driver/Src/stm32f7xx_hal_uart.o
                             0x10cd65 (size before relaxing)
 .debug_str     0x0010f6ed     0x2c40 Src/main.o
                             0x10fe80 (size before relaxing)
 .debug_str     0x0011232d       0x1b Src/stm32f7xx_hal_msp.o
                             0x10d04f (size before relaxing)
 .debug_str     0x00112348      0x107 Src/stm32f7xx_it.o
                             0x10c287 (size before relaxing)
 .debug_str     0x0011244f       0x5a Src/system_stm32f7xx.o
                             0x10c158 (size before relaxing)
 .debug_str     0x001124a9       0x2f startup/startup_stm32f769xx.o
                                 0x73 (size before relaxing)

.comment        0x00000000       0x7f
 .comment       0x00000000       0x7f Drivers/STM32F7xx_HAL_Driver/Src/stm32f7xx_hal.o
                                 0x80 (size before relaxing)
 .comment       0x0000007f       0x80 Drivers/STM32F7xx_HAL_Driver/Src/stm32f7xx_hal_can.o
 .comment       0x0000007f       0x80 Drivers/STM32F7xx_HAL_Driver/Src/stm32f7xx_hal_cortex.o
 .comment       0x0000007f       0x80 Drivers/STM32F7xx_HAL_Driver/Src/stm32f7xx_hal_dsi.o
 .comment       0x0000007f       0x80 Drivers/STM32F7xx_HAL_Driver/Src/stm32f7xx_hal_gpio.o
 .comment       0x0000007f       0x80 Drivers/STM32F7xx_HAL_Driver/Src/stm32f7xx_hal_pwr_ex.o
 .comment       0x0000007f       0x80 Drivers/STM32F7xx_HAL_Driver/Src/stm32f7xx_hal_rcc.o
 .comment       0x0000007f       0x80 Drivers/STM32F7xx_HAL_Driver/Src/stm32f7xx_hal_rcc_ex.o
 .comment       0x0000007f       0x80 Drivers/STM32F7xx_HAL_Driver/Src/stm32f7xx_hal_uart.o
 .comment       0x0000007f       0x80 Src/main.o
 .comment       0x0000007f       0x80 Src/stm32f7xx_hal_msp.o
 .comment       0x0000007f       0x80 Src/stm32f7xx_it.o
 .comment       0x0000007f       0x80 Src/system_stm32f7xx.o

.debug_frame    0x00000000     0x18a4
 .debug_frame   0x00000000      0x22c Drivers/STM32F7xx_HAL_Driver/Src/stm32f7xx_hal.o
 .debug_frame   0x0000022c      0x2e4 Drivers/STM32F7xx_HAL_Driver/Src/stm32f7xx_hal_can.o
 .debug_frame   0x00000510      0x15c Drivers/STM32F7xx_HAL_Driver/Src/stm32f7xx_hal_cortex.o
 .debug_frame   0x0000066c      0x44c Drivers/STM32F7xx_HAL_Driver/Src/stm32f7xx_hal_dsi.o
 .debug_frame   0x00000ab8       0xd8 Drivers/STM32F7xx_HAL_Driver/Src/stm32f7xx_hal_gpio.o
 .debug_frame   0x00000b90      0x134 Drivers/STM32F7xx_HAL_Driver/Src/stm32f7xx_hal_pwr_ex.o
 .debug_frame   0x00000cc4      0x190 Drivers/STM32F7xx_HAL_Driver/Src/stm32f7xx_hal_rcc.o
 .debug_frame   0x00000e54       0xcc Drivers/STM32F7xx_HAL_Driver/Src/stm32f7xx_hal_rcc_ex.o
 .debug_frame   0x00000f20      0x5bc Drivers/STM32F7xx_HAL_Driver/Src/stm32f7xx_hal_uart.o
 .debug_frame   0x000014dc      0x124 Src/main.o
 .debug_frame   0x00001600       0xc0 Src/stm32f7xx_hal_msp.o
 .debug_frame   0x000016c0      0x108 Src/stm32f7xx_it.o
 .debug_frame   0x000017c8       0x30 Src/system_stm32f7xx.o
 .debug_frame   0x000017f8       0x2c c:/ac6/systemworkbench/plugins/fr.ac6.mcu.externaltools.arm-none.win32_1.17.0.201812190825/tools/compiler/bin/../lib/gcc/arm-none-eabi/7.3.1/thumb/v7e-m/fpv5/hard\libgcc.a(_aeabi_uldivmod.o)
 .debug_frame   0x00001824       0x34 c:/ac6/systemworkbench/plugins/fr.ac6.mcu.externaltools.arm-none.win32_1.17.0.201812190825/tools/compiler/bin/../lib/gcc/arm-none-eabi/7.3.1/thumb/v7e-m/fpv5/hard\libgcc.a(_udivmoddi4.o)
 .debug_frame   0x00001858       0x2c c:/ac6/systemworkbench/plugins/fr.ac6.mcu.externaltools.arm-none.win32_1.17.0.201812190825/tools/compiler/bin/../lib/gcc/arm-none-eabi/7.3.1/../../../../arm-none-eabi/lib/thumb/v7e-m/fpv5/hard\libc_nano.a(lib_a-init.o)
 .debug_frame   0x00001884       0x20 c:/ac6/systemworkbench/plugins/fr.ac6.mcu.externaltools.arm-none.win32_1.17.0.201812190825/tools/compiler/bin/../lib/gcc/arm-none-eabi/7.3.1/../../../../arm-none-eabi/lib/thumb/v7e-m/fpv5/hard\libc_nano.a(lib_a-memset.o)
